[preview.colorlib.com/theme/foody/index.html]
[backblue.gif]
[fade.gif]
[index.html]
[preview.colorlib.com/theme/foody/css/bootstrap.css]
[preview.colorlib.com/theme/foody/css/animate.css]
[preview.colorlib.com/theme/foody/css/owl.carousel.min.css]
[preview.colorlib.com/theme/foody/css/aos.css]
[preview.colorlib.com/theme/foody/css/magnific-popup.css]
[preview.colorlib.com/theme/foody/fonts/ionicons/css/ionicons.min.css]
[preview.colorlib.com/theme/foody/fonts/fontawesome/css/font-awesome.min.css]
[preview.colorlib.com/theme/foody/fonts/flaticon/font/flaticon.css]
[preview.colorlib.com/theme/foody/css/style.css]
[preview.colorlib.com/theme/foody/recipes.html]
[preview.colorlib.com/theme/foody/services.html]
[preview.colorlib.com/theme/foody/about.html]
[preview.colorlib.com/theme/foody/news.html]
[preview.colorlib.com/theme/foody/contact.html]
[preview.colorlib.com/theme/foody/img/hero_1.jpg]
[preview.colorlib.com/theme/foody/img/hero_2.jpg]
[preview.colorlib.com/theme/foody/img/dishes_1.jpg]
[preview.colorlib.com/theme/foody/img/about_1.jpg]
[preview.colorlib.com/theme/foody/img/about_2.jpg]
[preview.colorlib.com/theme/foody/img/dishes_3.jpg]
[preview.colorlib.com/theme/foody/img/dishes_2.jpg]
[preview.colorlib.com/theme/foody/img/dishes_4.jpg]
[preview.colorlib.com/theme/foody/img/person_1.jpg]
[preview.colorlib.com/theme/foody/img/person_2.jpg]
[preview.colorlib.com/theme/foody/img/person_3.jpg]
[external.html]
[preview.colorlib.com/theme/foody/single.html]
[preview.colorlib.com/cdn-cgi/scripts/5c5dd728/cloudflare-static/email-decode.min.js]
[preview.colorlib.com/theme/foody/js/jquery-3.2.1.min.js]
[preview.colorlib.com/theme/foody/js/popper.min.js]
[preview.colorlib.com/theme/foody/js/bootstrap.min.js]
[preview.colorlib.com/theme/foody/js/owl.carousel.min.js]
[preview.colorlib.com/theme/foody/js/jquery.waypoints.min.js]
[preview.colorlib.com/theme/foody/js/aos.js]
[preview.colorlib.com/theme/foody/js/jquery.magnific-popup.min.js]
[preview.colorlib.com/theme/foody/js/magnific-popup-options.js]
[preview.colorlib.com/theme/foody/js/main.js]
[preview.colorlib.com/theme/foody/index.html]
[fonts.googleapis.com/css9292.css]
[preview.colorlib.com/theme/foody/css/bootstrap.css]
[preview.colorlib.com/theme/foody/css/animate.css]
[preview.colorlib.com/theme/foody/css/owl.video.play.png]
[preview.colorlib.com/theme/foody/css/owl.carousel.min.css]
[preview.colorlib.com/theme/foody/css/aos.css]
[preview.colorlib.com/theme/foody/css/magnific-popup.css]
[preview.colorlib.com/theme/foody/fonts/ionicons/fonts/ionicons28b5.eot]
[preview.colorlib.com/theme/foody/fonts/ionicons/fonts/ionicons28b5.ttf]
[preview.colorlib.com/theme/foody/fonts/ionicons/fonts/ionicons28b5.woff]
[preview.colorlib.com/theme/foody/fonts/ionicons/css/ionicons.min.css]
[preview.colorlib.com/theme/foody/fonts/ionicons/fonts/ionicons28b5.svg]
[preview.colorlib.com/theme/foody/fonts/fontawesome/fonts/fontawesome-webfont3e6e.eot]
[preview.colorlib.com/theme/foody/fonts/fontawesome/fonts/fontawesome-webfontd41d.eot]
[preview.colorlib.com/theme/foody/fonts/fontawesome/fonts/fontawesome-webfont3e6e.woff2]
[preview.colorlib.com/theme/foody/fonts/fontawesome/fonts/fontawesome-webfont3e6e.woff]
[preview.colorlib.com/theme/foody/fonts/fontawesome/fonts/fontawesome-webfont3e6e.ttf]
[preview.colorlib.com/theme/foody/fonts/fontawesome/css/font-awesome.min.css]
[preview.colorlib.com/theme/foody/fonts/fontawesome/fonts/fontawesome-webfont3e6e.svg]
[preview.colorlib.com/theme/foody/fonts/flaticon/font/Flaticon.eot]
[preview.colorlib.com/theme/foody/fonts/flaticon/font/Flaticond41d.eot]
[preview.colorlib.com/theme/foody/fonts/flaticon/font/Flaticon.woff2]
[preview.colorlib.com/theme/foody/fonts/flaticon/font/Flaticon.woff]
[preview.colorlib.com/theme/foody/fonts/flaticon/font/Flaticon.ttf]
[preview.colorlib.com/theme/foody/fonts/flaticon/font/flaticon.css]
[preview.colorlib.com/theme/foody/css/style.css]
[preview.colorlib.com/theme/foody/recipes.html]
[preview.colorlib.com/theme/foody/services.html]
[preview.colorlib.com/theme/foody/fonts/flaticon/font/Flaticon.svg]
[preview.colorlib.com/theme/foody/adoption-single.html]
[preview.colorlib.com/theme/foody/about.html]
[preview.colorlib.com/theme/foody/img/dishes_5.jpg]
[preview.colorlib.com/theme/foody/news.html]
[preview.colorlib.com/theme/foody/contact.html]
[preview.colorlib.com/theme/foody/single.html]
[preview.colorlib.com/theme/foody/fonts/ionicons/fonts/ionicons28b5.svg]
[preview.colorlib.com/theme/foody/fonts/fontawesome/fonts/fontawesome-webfont3e6e.svg]
[preview.colorlib.com/theme/foody/fonts/flaticon/font/Flaticon.svg]
